// Jest Snapshot v1, https://goo.gl/fbAQLP

exports[`ProductsList.vue should match snapshot 1`] = `
<div>
  <p>
    <a class="btn" style="display: none;">Previous page</a>
    1
    <a class="btn">Next page</a>
  </p>
  <div class="container">
    <ul class="product-list">
      <!---->
      <!---->
      <!---->
      <!---->
    </ul>
  </div>
</div>
`;
